// Jest Snapshot v1, https://goo.gl/fbAQLP

exports[`photo component renders the photo 1`] = `
<img
  src="/path/image"
/>
`;
